// Jest Snapshot v1, https://goo.gl/fbAQLP

exports[`renders learn react link 1`] = `
<div>
  <nav>
    <h3>
      Shopping-cart
    </h3>
    <ul>
      <li>
        <a
          href="/"
        >
          Home
        </a>
      </li>
      <li>
        <a
          href="/"
        >
          Shop
        </a>
      </li>
      <li>
        <a
          href="/"
        >
          About
        </a>
      </li>
      <li>
        <a
          href="/"
        >
          Cart
        </a>
      </li>
    </ul>
  </nav>
</div>
`;
